// Jest Snapshot v1, https://goo.gl/fbAQLP

exports[`Node.push a snapshot test 1`] = `
Node {
  "left": Node {
    "left": Node {
      "left": Node {
        "left": null,
        "parent": [Circular],
        "right": null,
        "value": 7,
      },
      "parent": [Circular],
      "right": null,
      "value": 8,
    },
    "parent": [Circular],
    "right": Node {
      "left": null,
      "parent": [Circular],
      "right": Node {
        "left": null,
        "parent": [Circular],
        "right": Node {
          "left": null,
          "parent": [Circular],
          "right": Node {
            "left": null,
            "parent": [Circular],
            "right": null,
            "value": 17,
          },
          "value": 15,
        },
        "value": 15,
      },
      "value": 15,
    },
    "value": 10,
  },
  "parent": null,
  "right": Node {
    "left": Node {
      "left": Node {
        "left": Node {
          "left": null,
          "parent": [Circular],
          "right": null,
          "value": 23,
        },
        "parent": [Circular],
        "right": Node {
          "left": null,
          "parent": [Circular],
          "right": null,
          "value": 24,
        },
        "value": 24,
      },
      "parent": [Circular],
      "right": null,
      "value": 26,
    },
    "parent": [Circular],
    "right": Node {
      "left": Node {
        "left": null,
        "parent": [Circular],
        "right": Node {
          "left": Node {
            "left": Node {
              "left": null,
              "parent": [Circular],
              "right": null,
              "value": 32,
            },
            "parent": [Circular],
            "right": null,
            "value": 34,
          },
          "parent": [Circular],
          "right": Node {
            "left": null,
            "parent": [Circular],
            "right": null,
            "value": 39,
          },
          "value": 38,
        },
        "value": 30,
      },
      "parent": [Circular],
      "right": Node {
        "left": Node {
          "left": null,
          "parent": [Circular],
          "right": Node {
            "left": null,
            "parent": [Circular],
            "right": null,
            "value": 45,
          },
          "value": 41,
        },
        "parent": [Circular],
        "right": Node {
          "left": null,
          "parent": [Circular],
          "right": null,
          "value": 49,
        },
        "value": 46,
      },
      "value": 40,
    },
    "value": 30,
  },
  "value": 20,
}
`;
