// Jest Snapshot v1, https://goo.gl/fbAQLP

exports[`RedBlackNode.reColor different benchmarks should match snapshot 1`] = `
RedBlackNode {
  "color": "black",
  "left": RedBlackNode {
    "color": "red",
    "left": RedBlackNode {
      "color": "black",
      "left": RedBlackNode {
        "color": "red",
        "left": RedBlackNode {
          "color": "black",
          "left": null,
          "parent": [Circular],
          "right": RedBlackNode {
            "color": "red",
            "left": null,
            "parent": [Circular],
            "right": null,
            "value": 3,
          },
          "value": 3,
        },
        "parent": [Circular],
        "right": RedBlackNode {
          "color": "black",
          "left": null,
          "parent": [Circular],
          "right": null,
          "value": 7,
        },
        "value": 5,
      },
      "parent": [Circular],
      "right": RedBlackNode {
        "color": "black",
        "left": null,
        "parent": [Circular],
        "right": null,
        "value": 13,
      },
      "value": 12,
    },
    "parent": [Circular],
    "right": RedBlackNode {
      "color": "black",
      "left": RedBlackNode {
        "color": "black",
        "left": null,
        "parent": [Circular],
        "right": null,
        "value": 24,
      },
      "parent": [Circular],
      "right": RedBlackNode {
        "color": "red",
        "left": RedBlackNode {
          "color": "black",
          "left": RedBlackNode {
            "color": "red",
            "left": null,
            "parent": [Circular],
            "right": null,
            "value": 27,
          },
          "parent": [Circular],
          "right": RedBlackNode {
            "color": "red",
            "left": null,
            "parent": [Circular],
            "right": null,
            "value": 29,
          },
          "value": 27,
        },
        "parent": [Circular],
        "right": RedBlackNode {
          "color": "black",
          "left": null,
          "parent": [Circular],
          "right": null,
          "value": 31,
        },
        "value": 30,
      },
      "value": 27,
    },
    "value": 19,
  },
  "parent": null,
  "right": RedBlackNode {
    "color": "red",
    "left": RedBlackNode {
      "color": "black",
      "left": RedBlackNode {
        "color": "black",
        "left": RedBlackNode {
          "color": "red",
          "left": null,
          "parent": [Circular],
          "right": null,
          "value": 35,
        },
        "parent": [Circular],
        "right": RedBlackNode {
          "color": "red",
          "left": null,
          "parent": [Circular],
          "right": null,
          "value": 36,
        },
        "value": 35,
      },
      "parent": [Circular],
      "right": RedBlackNode {
        "color": "black",
        "left": null,
        "parent": [Circular],
        "right": null,
        "value": 40,
      },
      "value": 37,
    },
    "parent": [Circular],
    "right": RedBlackNode {
      "color": "black",
      "left": RedBlackNode {
        "color": "red",
        "left": RedBlackNode {
          "color": "black",
          "left": null,
          "parent": [Circular],
          "right": null,
          "value": 43,
        },
        "parent": [Circular],
        "right": RedBlackNode {
          "color": "black",
          "left": null,
          "parent": [Circular],
          "right": RedBlackNode {
            "color": "red",
            "left": null,
            "parent": [Circular],
            "right": null,
            "value": 45,
          },
          "value": 43,
        },
        "value": 43,
      },
      "parent": [Circular],
      "right": RedBlackNode {
        "color": "red",
        "left": RedBlackNode {
          "color": "black",
          "left": null,
          "parent": [Circular],
          "right": RedBlackNode {
            "color": "red",
            "left": null,
            "parent": [Circular],
            "right": null,
            "value": 47,
          },
          "value": 46,
        },
        "parent": [Circular],
        "right": RedBlackNode {
          "color": "black",
          "left": null,
          "parent": [Circular],
          "right": null,
          "value": 50,
        },
        "value": 48,
      },
      "value": 46,
    },
    "value": 41,
  },
  "value": 34,
}
`;
